fw=(0,0,0) fd=0 nci=1 cmm=(-2,0,0) cm=(-1,0,0) cp=(0,0,0) cpp=(1,0,0)
fw=(0,0,0) fd=0 nci=0 cmm=(1,0,0) cm=(0,0,0) cp=(-1,0,0) cpp=(-2,0,0)
fw=(0,0,0) fd=1 nci=1 cmm=(0,-2,0) cm=(0,-1,0) cp=(0,0,0) cpp=(0,1,0)
fw=(0,0,0) fd=1 nci=0 cmm=(0,1,0) cm=(0,0,0) cp=(0,-1,0) cpp=(0,-2,0)
fw=(0,0,0) fd=2 nci=1 cmm=(0,0,-2) cm=(0,0,-1) cp=(0,0,0) cpp=(0,0,1)
fw=(0,0,0) fd=2 nci=0 cmm=(0,0,1) cm=(0,0,0) cp=(0,0,-1) cpp=(0,0,-2)
fw=(1,1,1) fd=0 nci=1 cmm=(-1,1,1) cm=(0,1,1) cp=(1,1,1) cpp=(2,1,1)
fw=(1,1,1) fd=0 nci=0 cmm=(2,1,1) cm=(1,1,1) cp=(0,1,1) cpp=(-1,1,1)
