set string c a b   s c    
set int b 123
set double a 2.9
set double e 3.1
set vect f 1 2 34 5 
