string c = a b   s c    
int b = 123
double a = 2.9
vect f = 1 2 34 5 
